Archive member included because of file (symbol)

C:\Marmalade\6.2\s3e\edk\lib\android\libedk.a(edk_helpers.o)
                              release\startapp_platform.os (s3eEdkThreadRunOnOS)

Discarded input sections

 .data          0x00000000        0x0 C:/Program Files/Android/android-ndk-r8/platforms/android-9/arch-arm/usr/lib/crtbegin_so.o
 _ZN7_JNIEnv13CallIntMethodEP8_jobjectP10_jmethodIDz
                0x00000000        0x0 release\startapp_platform.os
 _ZN7_JNIEnv9NewObjectEP7_jclassP10_jmethodIDz
                0x00000000        0x0 release\startapp_platform.os
 .text          0x00000000        0x0 release\startapp_platform.os
 .data          0x00000000        0x0 release\startapp_platform.os
 .note.GNU-stack
                0x00000000        0x0 release\startapp_platform.os
 .text          0x00000000        0x0 release\startapp.os
 .data          0x00000000        0x0 release\startapp.os
 .bss           0x00000000        0x0 release\startapp.os
 .note.GNU-stack
                0x00000000        0x0 release\startapp.os
 .text          0x00000000        0x0 release\startapp_register.os
 .data          0x00000000        0x0 release\startapp_register.os
 .bss           0x00000000        0x0 release\startapp_register.os
 .text._Z19startappRegisterExtv
                0x00000000        0x0 release\startapp_register.os
 .note.GNU-stack
                0x00000000        0x0 release\startapp_register.os
 .text          0x00000000        0x0 C:\Marmalade\6.2\s3e\edk\lib\android\libedk.a(edk_helpers.o)
 .data          0x00000000        0x0 C:\Marmalade\6.2\s3e\edk\lib\android\libedk.a(edk_helpers.o)
 .bss           0x00000000        0x0 C:\Marmalade\6.2\s3e\edk\lib\android\libedk.a(edk_helpers.o)
 .text.s3eEdkThreadRunOnOSAsync
                0x00000000        0x0 C:\Marmalade\6.2\s3e\edk\lib\android\libedk.a(edk_helpers.o)
 .text.s3eEdkErrorSetString
                0x00000000        0x0 C:\Marmalade\6.2\s3e\edk\lib\android\libedk.a(edk_helpers.o)
 .note.GNU-stack
                0x00000000        0x0 C:\Marmalade\6.2\s3e\edk\lib\android\libedk.a(edk_helpers.o)
 .text          0x00000000        0x0 C:/Program Files/Android/android-ndk-r8/platforms/android-9/arch-arm/usr/lib/crtend_so.o
 .data          0x00000000        0x0 C:/Program Files/Android/android-ndk-r8/platforms/android-9/arch-arm/usr/lib/crtend_so.o
 .bss           0x00000000        0x0 C:/Program Files/Android/android-ndk-r8/platforms/android-9/arch-arm/usr/lib/crtend_so.o

Memory Configuration

Name             Origin             Length             Attributes
*default*        0x00000000         0xffffffff

Linker script and memory map

LOAD C:/Program Files/Android/android-ndk-r8/platforms/android-9/arch-arm/usr/lib/crtbegin_so.o
LOAD release\startapp_platform.os
LOAD release\startapp.os
LOAD release\startapp_register.os
LOAD C:\Marmalade\6.2\s3e\edk\lib\android\libedk.a
LOAD C:\Marmalade\6.2\s3e\edk\lib\android/libplaceholderplaceholderplaceholderplaceholderplaceholder.so
LOAD C:\Program Files\Android\android-ndk-r8\platforms\android-9\arch-arm\usr\lib/liblog.so
LOAD C:\Program Files\Android\android-ndk-r8\sources\cxx-stl\gnu-libstdc++\libs\armeabi\libgnustl_static.a
LOAD c:/Program Files/Android/android-ndk-r8/toolchains/arm-linux-androideabi-4.4.3/prebuilt/windows/bin/../lib/gcc/arm-linux-androideabi/4.4.3\libgcc.a
LOAD C:\Program Files\Android\android-ndk-r8\platforms\android-9\arch-arm\usr\lib/libstdc++.so
LOAD C:\Program Files\Android\android-ndk-r8\platforms\android-9\arch-arm\usr\lib/libm.so
LOAD C:\Program Files\Android\android-ndk-r8\platforms\android-9\arch-arm\usr\lib/libc.so
LOAD c:/Program Files/Android/android-ndk-r8/toolchains/arm-linux-androideabi-4.4.3/prebuilt/windows/bin/../lib/gcc/arm-linux-androideabi/4.4.3\libgcc.a
LOAD C:\Program Files\Android\android-ndk-r8\platforms\android-9\arch-arm\usr\lib/libc.so
LOAD C:\Program Files\Android\android-ndk-r8\platforms\android-9\arch-arm\usr\lib/libdl.so
LOAD c:/Program Files/Android/android-ndk-r8/toolchains/arm-linux-androideabi-4.4.3/prebuilt/windows/bin/../lib/gcc/arm-linux-androideabi/4.4.3\libgcc.a
LOAD C:/Program Files/Android/android-ndk-r8/platforms/android-9/arch-arm/usr/lib/crtend_so.o
                0x000000b4                . = (0x0 + SIZEOF_HEADERS)

.note.gnu.build-id
 *(.note.gnu.build-id)

.hash           0x000000b4       0xa8
 *(.hash)
 .hash          0x000000b4       0xa8 C:/Program Files/Android/android-ndk-r8/platforms/android-9/arch-arm/usr/lib/crtbegin_so.o

.gnu.hash
 *(.gnu.hash)

.dynsym         0x0000015c      0x170
 *(.dynsym)
 .dynsym        0x0000015c      0x170 C:/Program Files/Android/android-ndk-r8/platforms/android-9/arch-arm/usr/lib/crtbegin_so.o

.dynstr         0x000002cc      0x14c
 *(.dynstr)
 .dynstr        0x000002cc      0x14c C:/Program Files/Android/android-ndk-r8/platforms/android-9/arch-arm/usr/lib/crtbegin_so.o

.gnu.version    0x00000418        0x0
 *(.gnu.version)
 .gnu.version   0x00000000        0x0 C:/Program Files/Android/android-ndk-r8/platforms/android-9/arch-arm/usr/lib/crtbegin_so.o

.gnu.version_d  0x00000418        0x0
 *(.gnu.version_d)
 .gnu.version_d
                0x00000000        0x0 C:/Program Files/Android/android-ndk-r8/platforms/android-9/arch-arm/usr/lib/crtbegin_so.o

.gnu.version_r  0x00000418        0x0
 *(.gnu.version_r)
 .gnu.version_r
                0x00000000        0x0 C:/Program Files/Android/android-ndk-r8/platforms/android-9/arch-arm/usr/lib/crtbegin_so.o

.rel.dyn        0x00000418       0x28
 *(.rel.init)
 *(.rel.text .rel.text.* .rel.gnu.linkonce.t.*)
 .rel.text      0x00000418        0x8 C:/Program Files/Android/android-ndk-r8/platforms/android-9/arch-arm/usr/lib/crtbegin_so.o
 *(.rel.fini)
 *(.rel.rodata .rel.rodata.* .rel.gnu.linkonce.r.*)
 *(.rel.data.rel.ro* .rel.gnu.linkonce.d.rel.ro.*)
 *(.rel.data .rel.data.* .rel.gnu.linkonce.d.*)
 *(.rel.tdata .rel.tdata.* .rel.gnu.linkonce.td.*)
 *(.rel.tbss .rel.tbss.* .rel.gnu.linkonce.tb.*)
 *(.rel.ctors)
 *(.rel.dtors)
 *(.rel.got)
 .rel.got       0x00000420       0x18 C:/Program Files/Android/android-ndk-r8/platforms/android-9/arch-arm/usr/lib/crtbegin_so.o
 *(.rel.bss .rel.bss.* .rel.gnu.linkonce.b.*)
 .rel.fini_array
                0x00000438        0x8 C:/Program Files/Android/android-ndk-r8/platforms/android-9/arch-arm/usr/lib/crtbegin_so.o

.rela.dyn
 *(.rela.init)
 *(.rela.text .rela.text.* .rela.gnu.linkonce.t.*)
 *(.rela.fini)
 *(.rela.rodata .rela.rodata.* .rela.gnu.linkonce.r.*)
 *(.rela.data .rela.data.* .rela.gnu.linkonce.d.*)
 *(.rela.tdata .rela.tdata.* .rela.gnu.linkonce.td.*)
 *(.rela.tbss .rela.tbss.* .rela.gnu.linkonce.tb.*)
 *(.rela.ctors)
 *(.rela.dtors)
 *(.rela.got)
 *(.rela.bss .rela.bss.* .rela.gnu.linkonce.b.*)

.rel.plt        0x00000440       0x20
 *(.rel.plt)
 .rel.plt       0x00000440       0x20 C:/Program Files/Android/android-ndk-r8/platforms/android-9/arch-arm/usr/lib/crtbegin_so.o

.rela.plt
 *(.rela.plt)

.init
 *(.init)

.plt            0x00000460       0x44
 *(.plt)
 .plt           0x00000460       0x44 C:/Program Files/Android/android-ndk-r8/platforms/android-9/arch-arm/usr/lib/crtbegin_so.o

.text           0x000004a4      0x3a8
 *(.text .stub .text.* .gnu.linkonce.t.*)
 .text          0x000004a4       0x10 C:/Program Files/Android/android-ndk-r8/platforms/android-9/arch-arm/usr/lib/crtbegin_so.o
 .text._Z26startappTerminate_platformv
                0x000004b4        0x4 release\startapp_platform.os
                0x000004b4                startappTerminate_platform()
 .text._ZN7_JNIEnv13CallIntMethodEP8_jobjectP10_jmethodIDz
                0x000004b8       0x34 release\startapp_platform.os
                0x000004b8                _JNIEnv::CallIntMethod(_jobject*, _jmethodID*, ...)
 .text._ZN7_JNIEnv9NewObjectEP7_jclassP10_jmethodIDz
                0x000004ec       0x34 release\startapp_platform.os
                0x000004ec                _JNIEnv::NewObject(_jclass*, _jmethodID*, ...)
 .text._Z21startappInit_platformv
                0x00000520      0x170 release\startapp_platform.os
                0x00000520                startappInit_platform()
 .text._Z16initSDK_platformv
                0x00000690       0x50 release\startapp_platform.os
                0x00000690                initSDK_platform()
 .text._ZL27s3eEdkAndroidFindClass_realPKc
                0x000006e0       0xb8 release\startapp_platform.os
 .text.initSDK  0x00000798        0x4 release\startapp.os
                0x00000798                initSDK
 .text._Z17startappTerminatev
                0x0000079c        0x4 release\startapp.os
                0x0000079c                startappTerminate()
 .text._Z12startappInitv
                0x000007a0        0x4 release\startapp.os
                0x000007a0                startappInit()
 .text._ZL12initSDK_wrapv
                0x000007a4       0x14 release\startapp_register.os
 .text.RegisterExt
                0x000007b8       0x64 release\startapp_register.os
                0x000007b8                RegisterExt
 .text.s3eEdkThreadRunOnOS
                0x0000081c       0x30 C:\Marmalade\6.2\s3e\edk\lib\android\libedk.a(edk_helpers.o)
                0x0000081c                s3eEdkThreadRunOnOS
 *(.gnu.warning)
 *(.glue_7t)
 .glue_7t       0x00000000        0x0 linker stubs
 *(.glue_7)
 .glue_7        0x00000000        0x0 linker stubs
 *(.vfp11_veneer)
 .vfp11_veneer  0x00000000        0x0 linker stubs
 *(.v4_bx)
 .v4_bx         0x00000000        0x0 linker stubs

.fini
 *(.fini)
                0x0000084c                PROVIDE (__etext, .)
                0x0000084c                PROVIDE (_etext, .)
                0x0000084c                PROVIDE (etext, .)

.rodata         0x0000084c       0x24
 *(.rodata .rodata.* .gnu.linkonce.r.*)
 .rodata.str1.4
                0x0000084c       0x24 release\startapp_platform.os
 .rodata.str1.4
                0x00000000        0xc release\startapp_register.os

.rodata1
 *(.rodata1)

.ARM.extab
 *(.ARM.extab* .gnu.linkonce.armextab.*)
                0x00000870                __exidx_start = .

.ARM.exidx
 *(.ARM.exidx* .gnu.linkonce.armexidx.*)
                0x00000870                __exidx_end = .

.eh_frame_hdr
 *(.eh_frame_hdr)

.eh_frame
 *(.eh_frame)

.gcc_except_table
 *(.gcc_except_table .gcc_except_table.*)
                0x00000870                . = (ALIGN (0x1000) - ((0x1000 - .) & 0xfff))
                0x00001870                . = (0x1000 DATA_SEGMENT_ALIGN 0x1000)

.eh_frame
 *(.eh_frame)

.gcc_except_table
 *(.gcc_except_table .gcc_except_table.*)

.tdata
 *(.tdata .tdata.* .gnu.linkonce.td.*)

.tbss
 *(.tbss .tbss.* .gnu.linkonce.tb.*)
 *(.tcommon)

.preinit_array
 *(.preinit_array)

.init_array     0x00001870        0x8
 *(SORT(.init_array.*))
 *(.init_array)
 .init_array    0x00001870        0x4 C:/Program Files/Android/android-ndk-r8/platforms/android-9/arch-arm/usr/lib/crtbegin_so.o
                0x00001870                __INIT_ARRAY__
 .init_array    0x00001874        0x4 C:/Program Files/Android/android-ndk-r8/platforms/android-9/arch-arm/usr/lib/crtend_so.o

.fini_array     0x00001878        0xc
 *(.fini_array)
 .fini_array    0x00001878        0x8 C:/Program Files/Android/android-ndk-r8/platforms/android-9/arch-arm/usr/lib/crtbegin_so.o
                0x00001878                __FINI_ARRAY__
 .fini_array    0x00001880        0x4 C:/Program Files/Android/android-ndk-r8/platforms/android-9/arch-arm/usr/lib/crtend_so.o
 *(SORT(.fini_array.*))

.ctors
 *crtbegin.o(.ctors)
 *crtbegin?.o(.ctors)
 *(EXCLUDE_FILE(*crtend?.o *crtend.o) .ctors)
 *(SORT(.ctors.*))
 *(.ctors)

.dtors
 *crtbegin.o(.dtors)
 *crtbegin?.o(.dtors)
 *(EXCLUDE_FILE(*crtend?.o *crtend.o) .dtors)
 *(SORT(.dtors.*))
 *(.dtors)

.jcr
 *(.jcr)

.data.rel.ro
 *(.data.rel.ro.local* .gnu.linkonce.d.rel.ro.local.*)
 *(.data.rel.ro* .gnu.linkonce.d.rel.ro.*)

.dynamic        0x00001884       0xd0
 *(.dynamic)
 .dynamic       0x00001884       0xd0 C:/Program Files/Android/android-ndk-r8/platforms/android-9/arch-arm/usr/lib/crtbegin_so.o
                0x00001884                _DYNAMIC
                0x00001954                . = (. DATA_SEGMENT_RELRO_END 0x0)

.got            0x00001954       0x28
 *(.got.plt)
 .got.plt       0x00001954       0x1c C:/Program Files/Android/android-ndk-r8/platforms/android-9/arch-arm/usr/lib/crtbegin_so.o
                0x00001954                _GLOBAL_OFFSET_TABLE_
 *(.got)
 .got           0x00001970        0xc C:/Program Files/Android/android-ndk-r8/platforms/android-9/arch-arm/usr/lib/crtbegin_so.o

.data           0x0000197c        0x0
                0x0000197c                __data_start = .
 *(.data .data.* .gnu.linkonce.d.*)

.data1
 *(.data1)
                0x0000197c                _edata = .
                0x0000197c                PROVIDE (edata, .)
                0x0000197c                __bss_start = .
                0x0000197c                __bss_start__ = .

.bss            0x00001980       0x18
 *(.dynbss)
 .dynbss        0x00000000        0x0 C:/Program Files/Android/android-ndk-r8/platforms/android-9/arch-arm/usr/lib/crtbegin_so.o
 *(.bss .bss.* .gnu.linkonce.b.*)
 .bss           0x00001980       0x10 C:/Program Files/Android/android-ndk-r8/platforms/android-9/arch-arm/usr/lib/crtbegin_so.o
                0x00001980                __dso_handle
 .bss           0x00001990        0x8 release\startapp_platform.os
 *(COMMON)
                0x00001998                . = ALIGN ((. != 0x0)?0x4:0x1)
                0x00001998                _bss_end__ = .
                0x00001998                __bss_end__ = .
                0x00001998                . = ALIGN (0x4)
                0x00001998                . = ALIGN (0x4)
                0x00001998                __end__ = .
                0x00001998                _end = .
                0x00001998                PROVIDE (end, .)
                0x00001998                . = DATA_SEGMENT_END (.)

.stab
 *(.stab)

.stabstr
 *(.stabstr)

.stab.excl
 *(.stab.excl)

.stab.exclstr
 *(.stab.exclstr)

.stab.index
 *(.stab.index)

.stab.indexstr
 *(.stab.indexstr)

.comment        0x00000000       0x48
 *(.comment)
 .comment       0x00000000       0x12 release\startapp_platform.os
 .comment       0x00000012       0x12 release\startapp.os
 .comment       0x00000024       0x12 release\startapp_register.os
 .comment       0x00000036       0x12 C:\Marmalade\6.2\s3e\edk\lib\android\libedk.a(edk_helpers.o)

.debug
 *(.debug)

.line
 *(.line)

.debug_srcinfo
 *(.debug_srcinfo)

.debug_sfnames
 *(.debug_sfnames)

.debug_aranges
 *(.debug_aranges)

.debug_pubnames
 *(.debug_pubnames)

.debug_info
 *(.debug_info .gnu.linkonce.wi.*)

.debug_abbrev
 *(.debug_abbrev)

.debug_line
 *(.debug_line)

.debug_frame
 *(.debug_frame)

.debug_str
 *(.debug_str)

.debug_loc
 *(.debug_loc)

.debug_macinfo
 *(.debug_macinfo)

.debug_weaknames
 *(.debug_weaknames)

.debug_funcnames
 *(.debug_funcnames)

.debug_typenames
 *(.debug_typenames)

.debug_varnames
 *(.debug_varnames)

.debug_pubtypes
 *(.debug_pubtypes)

.debug_ranges
 *(.debug_ranges)

.gnu.attributes
 *(.gnu.attributes)

.note.gnu.arm.ident
 *(.note.gnu.arm.ident)

/DISCARD/
 *(.note.GNU-stack)
 *(.gnu_debuglink)
OUTPUT(C:\Marmalade\6.2\extensions\startapp\lib\android\libstartapp.so elf32-littlearm)

.ARM.attributes
                0x00000000       0x29
 .ARM.attributes
                0x00000000       0x19 C:/Program Files/Android/android-ndk-r8/platforms/android-9/arch-arm/usr/lib/crtbegin_so.o
 .ARM.attributes
                0x00000019       0x2b release\startapp_platform.os
 .ARM.attributes
                0x00000044       0x2b release\startapp.os
 .ARM.attributes
                0x0000006f       0x2b release\startapp_register.os
 .ARM.attributes
                0x0000009a       0x2b C:\Marmalade\6.2\s3e\edk\lib\android\libedk.a(edk_helpers.o)
 .ARM.attributes
                0x000000c5       0x17 C:/Program Files/Android/android-ndk-r8/platforms/android-9/arch-arm/usr/lib/crtend_so.o
