Archive member included because of file (symbol)

C:\Marmalade\6.2\s3e\edk\lib\android\libedk.a(IwDebug.o)
                              debug\startapp_platform.os (IwDebugTraceSetTraceChannel)
C:\Marmalade\6.2\s3e\edk\lib\android\libedk.a(edk_helpers.o)
                              debug\startapp_platform.os (s3eEdkThreadRunOnOS)
c:/Program Files/Android/android-ndk-r8/toolchains/arm-linux-androideabi-4.4.3/prebuilt/windows/bin/../lib/gcc/arm-linux-androideabi/4.4.3\libgcc.a(_aeabi_ldivmod.o)
                              C:\Marmalade\6.2\s3e\edk\lib\android\libedk.a(IwDebug.o) (__aeabi_ldivmod)
c:/Program Files/Android/android-ndk-r8/toolchains/arm-linux-androideabi-4.4.3/prebuilt/windows/bin/../lib/gcc/arm-linux-androideabi/4.4.3\libgcc.a(bpabi.o)
                              c:/Program Files/Android/android-ndk-r8/toolchains/arm-linux-androideabi-4.4.3/prebuilt/windows/bin/../lib/gcc/arm-linux-androideabi/4.4.3\libgcc.a(_aeabi_ldivmod.o) (__gnu_ldivmod_helper)
c:/Program Files/Android/android-ndk-r8/toolchains/arm-linux-androideabi-4.4.3/prebuilt/windows/bin/../lib/gcc/arm-linux-androideabi/4.4.3\libgcc.a(unwind-arm.o)
                              c:/Program Files/Android/android-ndk-r8/toolchains/arm-linux-androideabi-4.4.3/prebuilt/windows/bin/../lib/gcc/arm-linux-androideabi/4.4.3\libgcc.a(bpabi.o) (__aeabi_unwind_cpp_pr0)
c:/Program Files/Android/android-ndk-r8/toolchains/arm-linux-androideabi-4.4.3/prebuilt/windows/bin/../lib/gcc/arm-linux-androideabi/4.4.3\libgcc.a(libunwind.o)
                              c:/Program Files/Android/android-ndk-r8/toolchains/arm-linux-androideabi-4.4.3/prebuilt/windows/bin/../lib/gcc/arm-linux-androideabi/4.4.3\libgcc.a(unwind-arm.o) (restore_core_regs)
c:/Program Files/Android/android-ndk-r8/toolchains/arm-linux-androideabi-4.4.3/prebuilt/windows/bin/../lib/gcc/arm-linux-androideabi/4.4.3\libgcc.a(pr-support.o)
                              c:/Program Files/Android/android-ndk-r8/toolchains/arm-linux-androideabi-4.4.3/prebuilt/windows/bin/../lib/gcc/arm-linux-androideabi/4.4.3\libgcc.a(unwind-arm.o) (__gnu_unwind_execute)
c:/Program Files/Android/android-ndk-r8/toolchains/arm-linux-androideabi-4.4.3/prebuilt/windows/bin/../lib/gcc/arm-linux-androideabi/4.4.3\libgcc.a(_divdi3.o)
                              c:/Program Files/Android/android-ndk-r8/toolchains/arm-linux-androideabi-4.4.3/prebuilt/windows/bin/../lib/gcc/arm-linux-androideabi/4.4.3\libgcc.a(bpabi.o) (__divdi3)
c:/Program Files/Android/android-ndk-r8/toolchains/arm-linux-androideabi-4.4.3/prebuilt/windows/bin/../lib/gcc/arm-linux-androideabi/4.4.3\libgcc.a(_udivdi3.o)
                              c:/Program Files/Android/android-ndk-r8/toolchains/arm-linux-androideabi-4.4.3/prebuilt/windows/bin/../lib/gcc/arm-linux-androideabi/4.4.3\libgcc.a(bpabi.o) (__udivdi3)
c:/Program Files/Android/android-ndk-r8/toolchains/arm-linux-androideabi-4.4.3/prebuilt/windows/bin/../lib/gcc/arm-linux-androideabi/4.4.3\libgcc.a(_udivsi3.o)
                              c:/Program Files/Android/android-ndk-r8/toolchains/arm-linux-androideabi-4.4.3/prebuilt/windows/bin/../lib/gcc/arm-linux-androideabi/4.4.3\libgcc.a(_divdi3.o) (__aeabi_uidiv)
c:/Program Files/Android/android-ndk-r8/toolchains/arm-linux-androideabi-4.4.3/prebuilt/windows/bin/../lib/gcc/arm-linux-androideabi/4.4.3\libgcc.a(_dvmd_lnx.o)
                              c:/Program Files/Android/android-ndk-r8/toolchains/arm-linux-androideabi-4.4.3/prebuilt/windows/bin/../lib/gcc/arm-linux-androideabi/4.4.3\libgcc.a(_udivsi3.o) (__div0)

Discarded input sections

 .data          0x00000000        0x0 C:/Program Files/Android/android-ndk-r8/platforms/android-9/arch-arm/usr/lib/crtbegin_so.o
 _ZN7_JNIEnv9FindClassEPKc
                0x00000000        0x0 debug\startapp_platform.os
 _ZN7_JNIEnv17ExceptionOccurredEv
                0x00000000        0x0 debug\startapp_platform.os
 _ZN7_JNIEnv17ExceptionDescribeEv
                0x00000000        0x0 debug\startapp_platform.os
 _ZN7_JNIEnv14ExceptionClearEv
                0x00000000        0x0 debug\startapp_platform.os
 _ZN7_JNIEnv12NewGlobalRefEP8_jobject
                0x00000000        0x0 debug\startapp_platform.os
 _ZN7_JNIEnv15DeleteGlobalRefEP8_jobject
                0x00000000        0x0 debug\startapp_platform.os
 _ZN7_JNIEnv14DeleteLocalRefEP8_jobject
                0x00000000        0x0 debug\startapp_platform.os
 _ZN7_JNIEnv9NewObjectEP7_jclassP10_jmethodIDz
                0x00000000        0x0 debug\startapp_platform.os
 _ZN7_JNIEnv11GetMethodIDEP7_jclassPKcS3_
                0x00000000        0x0 debug\startapp_platform.os
 _ZN7_JNIEnv13CallIntMethodEP8_jobjectP10_jmethodIDz
                0x00000000        0x0 debug\startapp_platform.os
 _ZN7_JavaVM6GetEnvEPPvi
                0x00000000        0x0 debug\startapp_platform.os
 .text          0x00000000        0x0 debug\startapp_platform.os
 .data          0x00000000        0x0 debug\startapp_platform.os
 .note.GNU-stack
                0x00000000        0x0 debug\startapp_platform.os
 .text          0x00000000        0x0 debug\startapp.os
 .data          0x00000000        0x0 debug\startapp.os
 .bss           0x00000000        0x0 debug\startapp.os
 .note.GNU-stack
                0x00000000        0x0 debug\startapp.os
 .text          0x00000000        0x0 debug\startapp_register.os
 .data          0x00000000        0x0 debug\startapp_register.os
 .bss           0x00000000        0x0 debug\startapp_register.os
 .note.GNU-stack
                0x00000000        0x0 debug\startapp_register.os
 .text          0x00000000        0x0 C:\Marmalade\6.2\s3e\edk\lib\android\libedk.a(IwDebug.o)
 .data          0x00000000        0x0 C:\Marmalade\6.2\s3e\edk\lib\android\libedk.a(IwDebug.o)
 .text.IwAssertRegisterTextCallback
                0x00000000        0x0 C:\Marmalade\6.2\s3e\edk\lib\android\libedk.a(IwDebug.o)
 .text.IwAssertRegisterCallback
                0x00000000        0x0 C:\Marmalade\6.2\s3e\edk\lib\android\libedk.a(IwDebug.o)
 .text.IwDebugErrorRegisterCallback
                0x00000000        0x0 C:\Marmalade\6.2\s3e\edk\lib\android\libedk.a(IwDebug.o)
 .text.IwDebugAssertSetUID
                0x00000000        0x0 C:\Marmalade\6.2\s3e\edk\lib\android\libedk.a(IwDebug.o)
 .text.IwDebugClearConfigCache
                0x00000000        0x0 C:\Marmalade\6.2\s3e\edk\lib\android\libedk.a(IwDebug.o)
 .text.IwDebugErrorShow
                0x00000000        0x0 C:\Marmalade\6.2\s3e\edk\lib\android\libedk.a(IwDebug.o)
 .text.IwDebugTraceLineVPrintf
                0x00000000        0x0 C:\Marmalade\6.2\s3e\edk\lib\android\libedk.a(IwDebug.o)
 .text.IwDebugAssertIsChannelOn
                0x00000000        0x0 C:\Marmalade\6.2\s3e\edk\lib\android\libedk.a(IwDebug.o)
 .text.IwDebugTraceDisable
                0x00000000        0x0 C:\Marmalade\6.2\s3e\edk\lib\android\libedk.a(IwDebug.o)
 .text.IwDebugAssertSetMessage
                0x00000000        0x0 C:\Marmalade\6.2\s3e\edk\lib\android\libedk.a(IwDebug.o)
 .text.IwDebugAssertSetSolution
                0x00000000        0x0 C:\Marmalade\6.2\s3e\edk\lib\android\libedk.a(IwDebug.o)
 .text.IwDebugAssertShow
                0x00000000        0x0 C:\Marmalade\6.2\s3e\edk\lib\android\libedk.a(IwDebug.o)
 .text.IwDebugTraceChannelSwitch
                0x00000000        0x0 C:\Marmalade\6.2\s3e\edk\lib\android\libedk.a(IwDebug.o)
 .note.GNU-stack
                0x00000000        0x0 C:\Marmalade\6.2\s3e\edk\lib\android\libedk.a(IwDebug.o)
 .text          0x00000000        0x0 C:\Marmalade\6.2\s3e\edk\lib\android\libedk.a(edk_helpers.o)
 .data          0x00000000        0x0 C:\Marmalade\6.2\s3e\edk\lib\android\libedk.a(edk_helpers.o)
 .bss           0x00000000        0x0 C:\Marmalade\6.2\s3e\edk\lib\android\libedk.a(edk_helpers.o)
 .text.s3eEdkThreadRunOnOSAsync
                0x00000000        0x0 C:\Marmalade\6.2\s3e\edk\lib\android\libedk.a(edk_helpers.o)
 .text.s3eEdkErrorSetString
                0x00000000        0x0 C:\Marmalade\6.2\s3e\edk\lib\android\libedk.a(edk_helpers.o)
 .note.GNU-stack
                0x00000000        0x0 C:\Marmalade\6.2\s3e\edk\lib\android\libedk.a(edk_helpers.o)
 .data          0x00000000        0x0 c:/Program Files/Android/android-ndk-r8/toolchains/arm-linux-androideabi-4.4.3/prebuilt/windows/bin/../lib/gcc/arm-linux-androideabi/4.4.3\libgcc.a(_aeabi_ldivmod.o)
 .bss           0x00000000        0x0 c:/Program Files/Android/android-ndk-r8/toolchains/arm-linux-androideabi-4.4.3/prebuilt/windows/bin/../lib/gcc/arm-linux-androideabi/4.4.3\libgcc.a(_aeabi_ldivmod.o)
 .note.GNU-stack
                0x00000000        0x0 c:/Program Files/Android/android-ndk-r8/toolchains/arm-linux-androideabi-4.4.3/prebuilt/windows/bin/../lib/gcc/arm-linux-androideabi/4.4.3\libgcc.a(_aeabi_ldivmod.o)
 .data          0x00000000        0x0 c:/Program Files/Android/android-ndk-r8/toolchains/arm-linux-androideabi-4.4.3/prebuilt/windows/bin/../lib/gcc/arm-linux-androideabi/4.4.3\libgcc.a(bpabi.o)
 .bss           0x00000000        0x0 c:/Program Files/Android/android-ndk-r8/toolchains/arm-linux-androideabi-4.4.3/prebuilt/windows/bin/../lib/gcc/arm-linux-androideabi/4.4.3\libgcc.a(bpabi.o)
 .ARM.extab     0x00000000        0x0 c:/Program Files/Android/android-ndk-r8/toolchains/arm-linux-androideabi-4.4.3/prebuilt/windows/bin/../lib/gcc/arm-linux-androideabi/4.4.3\libgcc.a(bpabi.o)
 .note.GNU-stack
                0x00000000        0x0 c:/Program Files/Android/android-ndk-r8/toolchains/arm-linux-androideabi-4.4.3/prebuilt/windows/bin/../lib/gcc/arm-linux-androideabi/4.4.3\libgcc.a(bpabi.o)
 .data          0x00000000        0x0 c:/Program Files/Android/android-ndk-r8/toolchains/arm-linux-androideabi-4.4.3/prebuilt/windows/bin/../lib/gcc/arm-linux-androideabi/4.4.3\libgcc.a(unwind-arm.o)
 .bss           0x00000000        0x0 c:/Program Files/Android/android-ndk-r8/toolchains/arm-linux-androideabi-4.4.3/prebuilt/windows/bin/../lib/gcc/arm-linux-androideabi/4.4.3\libgcc.a(unwind-arm.o)
 .note.GNU-stack
                0x00000000        0x0 c:/Program Files/Android/android-ndk-r8/toolchains/arm-linux-androideabi-4.4.3/prebuilt/windows/bin/../lib/gcc/arm-linux-androideabi/4.4.3\libgcc.a(unwind-arm.o)
 .data          0x00000000        0x0 c:/Program Files/Android/android-ndk-r8/toolchains/arm-linux-androideabi-4.4.3/prebuilt/windows/bin/../lib/gcc/arm-linux-androideabi/4.4.3\libgcc.a(libunwind.o)
 .bss           0x00000000        0x0 c:/Program Files/Android/android-ndk-r8/toolchains/arm-linux-androideabi-4.4.3/prebuilt/windows/bin/../lib/gcc/arm-linux-androideabi/4.4.3\libgcc.a(libunwind.o)
 .note.GNU-stack
                0x00000000        0x0 c:/Program Files/Android/android-ndk-r8/toolchains/arm-linux-androideabi-4.4.3/prebuilt/windows/bin/../lib/gcc/arm-linux-androideabi/4.4.3\libgcc.a(libunwind.o)
 .data          0x00000000        0x0 c:/Program Files/Android/android-ndk-r8/toolchains/arm-linux-androideabi-4.4.3/prebuilt/windows/bin/../lib/gcc/arm-linux-androideabi/4.4.3\libgcc.a(pr-support.o)
 .bss           0x00000000        0x0 c:/Program Files/Android/android-ndk-r8/toolchains/arm-linux-androideabi-4.4.3/prebuilt/windows/bin/../lib/gcc/arm-linux-androideabi/4.4.3\libgcc.a(pr-support.o)
 .ARM.extab     0x00000000        0x0 c:/Program Files/Android/android-ndk-r8/toolchains/arm-linux-androideabi-4.4.3/prebuilt/windows/bin/../lib/gcc/arm-linux-androideabi/4.4.3\libgcc.a(pr-support.o)
 .note.GNU-stack
                0x00000000        0x0 c:/Program Files/Android/android-ndk-r8/toolchains/arm-linux-androideabi-4.4.3/prebuilt/windows/bin/../lib/gcc/arm-linux-androideabi/4.4.3\libgcc.a(pr-support.o)
 .data          0x00000000        0x0 c:/Program Files/Android/android-ndk-r8/toolchains/arm-linux-androideabi-4.4.3/prebuilt/windows/bin/../lib/gcc/arm-linux-androideabi/4.4.3\libgcc.a(_divdi3.o)
 .bss           0x00000000        0x0 c:/Program Files/Android/android-ndk-r8/toolchains/arm-linux-androideabi-4.4.3/prebuilt/windows/bin/../lib/gcc/arm-linux-androideabi/4.4.3\libgcc.a(_divdi3.o)
 .ARM.extab     0x00000000        0x0 c:/Program Files/Android/android-ndk-r8/toolchains/arm-linux-androideabi-4.4.3/prebuilt/windows/bin/../lib/gcc/arm-linux-androideabi/4.4.3\libgcc.a(_divdi3.o)
 .note.GNU-stack
                0x00000000        0x0 c:/Program Files/Android/android-ndk-r8/toolchains/arm-linux-androideabi-4.4.3/prebuilt/windows/bin/../lib/gcc/arm-linux-androideabi/4.4.3\libgcc.a(_divdi3.o)
 .data          0x00000000        0x0 c:/Program Files/Android/android-ndk-r8/toolchains/arm-linux-androideabi-4.4.3/prebuilt/windows/bin/../lib/gcc/arm-linux-androideabi/4.4.3\libgcc.a(_udivdi3.o)
 .bss           0x00000000        0x0 c:/Program Files/Android/android-ndk-r8/toolchains/arm-linux-androideabi-4.4.3/prebuilt/windows/bin/../lib/gcc/arm-linux-androideabi/4.4.3\libgcc.a(_udivdi3.o)
 .ARM.extab     0x00000000        0x0 c:/Program Files/Android/android-ndk-r8/toolchains/arm-linux-androideabi-4.4.3/prebuilt/windows/bin/../lib/gcc/arm-linux-androideabi/4.4.3\libgcc.a(_udivdi3.o)
 .note.GNU-stack
                0x00000000        0x0 c:/Program Files/Android/android-ndk-r8/toolchains/arm-linux-androideabi-4.4.3/prebuilt/windows/bin/../lib/gcc/arm-linux-androideabi/4.4.3\libgcc.a(_udivdi3.o)
 .data          0x00000000        0x0 c:/Program Files/Android/android-ndk-r8/toolchains/arm-linux-androideabi-4.4.3/prebuilt/windows/bin/../lib/gcc/arm-linux-androideabi/4.4.3\libgcc.a(_udivsi3.o)
 .bss           0x00000000        0x0 c:/Program Files/Android/android-ndk-r8/toolchains/arm-linux-androideabi-4.4.3/prebuilt/windows/bin/../lib/gcc/arm-linux-androideabi/4.4.3\libgcc.a(_udivsi3.o)
 .note.GNU-stack
                0x00000000        0x0 c:/Program Files/Android/android-ndk-r8/toolchains/arm-linux-androideabi-4.4.3/prebuilt/windows/bin/../lib/gcc/arm-linux-androideabi/4.4.3\libgcc.a(_udivsi3.o)
 .data          0x00000000        0x0 c:/Program Files/Android/android-ndk-r8/toolchains/arm-linux-androideabi-4.4.3/prebuilt/windows/bin/../lib/gcc/arm-linux-androideabi/4.4.3\libgcc.a(_dvmd_lnx.o)
 .bss           0x00000000        0x0 c:/Program Files/Android/android-ndk-r8/toolchains/arm-linux-androideabi-4.4.3/prebuilt/windows/bin/../lib/gcc/arm-linux-androideabi/4.4.3\libgcc.a(_dvmd_lnx.o)
 .note.GNU-stack
                0x00000000        0x0 c:/Program Files/Android/android-ndk-r8/toolchains/arm-linux-androideabi-4.4.3/prebuilt/windows/bin/../lib/gcc/arm-linux-androideabi/4.4.3\libgcc.a(_dvmd_lnx.o)
 .text          0x00000000        0x0 C:/Program Files/Android/android-ndk-r8/platforms/android-9/arch-arm/usr/lib/crtend_so.o
 .data          0x00000000        0x0 C:/Program Files/Android/android-ndk-r8/platforms/android-9/arch-arm/usr/lib/crtend_so.o
 .bss           0x00000000        0x0 C:/Program Files/Android/android-ndk-r8/platforms/android-9/arch-arm/usr/lib/crtend_so.o

Memory Configuration

Name             Origin             Length             Attributes
*default*        0x00000000         0xffffffff

Linker script and memory map

LOAD C:/Program Files/Android/android-ndk-r8/platforms/android-9/arch-arm/usr/lib/crtbegin_so.o
LOAD debug\startapp_platform.os
LOAD debug\startapp.os
LOAD debug\startapp_register.os
LOAD C:\Marmalade\6.2\s3e\edk\lib\android\libedk.a
LOAD C:\Marmalade\6.2\s3e\edk\lib\android/libplaceholderplaceholderplaceholderplaceholderplaceholder.so
LOAD C:\Program Files\Android\android-ndk-r8\platforms\android-9\arch-arm\usr\lib/liblog.so
LOAD C:\Program Files\Android\android-ndk-r8\sources\cxx-stl\gnu-libstdc++\libs\armeabi\libgnustl_static.a
LOAD c:/Program Files/Android/android-ndk-r8/toolchains/arm-linux-androideabi-4.4.3/prebuilt/windows/bin/../lib/gcc/arm-linux-androideabi/4.4.3\libgcc.a
LOAD C:\Program Files\Android\android-ndk-r8\platforms\android-9\arch-arm\usr\lib/libstdc++.so
LOAD C:\Program Files\Android\android-ndk-r8\platforms\android-9\arch-arm\usr\lib/libm.so
LOAD C:\Program Files\Android\android-ndk-r8\platforms\android-9\arch-arm\usr\lib/libc.so
LOAD c:/Program Files/Android/android-ndk-r8/toolchains/arm-linux-androideabi-4.4.3/prebuilt/windows/bin/../lib/gcc/arm-linux-androideabi/4.4.3\libgcc.a
LOAD C:\Program Files\Android\android-ndk-r8\platforms\android-9\arch-arm\usr\lib/libc.so
LOAD C:\Program Files\Android\android-ndk-r8\platforms\android-9\arch-arm\usr\lib/libdl.so
LOAD c:/Program Files/Android/android-ndk-r8/toolchains/arm-linux-androideabi-4.4.3/prebuilt/windows/bin/../lib/gcc/arm-linux-androideabi/4.4.3\libgcc.a
LOAD C:/Program Files/Android/android-ndk-r8/platforms/android-9/arch-arm/usr/lib/crtend_so.o
                0x000000d4                . = (0x0 + SIZEOF_HEADERS)

.note.gnu.build-id
 *(.note.gnu.build-id)

.hash           0x000000d4      0x29c
 *(.hash)
 .hash          0x000000d4      0x29c C:/Program Files/Android/android-ndk-r8/platforms/android-9/arch-arm/usr/lib/crtbegin_so.o

.gnu.hash
 *(.gnu.hash)

.dynsym         0x00000370      0x620
 *(.dynsym)
 .dynsym        0x00000370      0x620 C:/Program Files/Android/android-ndk-r8/platforms/android-9/arch-arm/usr/lib/crtbegin_so.o

.dynstr         0x00000990      0x63e
 *(.dynstr)
 .dynstr        0x00000990      0x63e C:/Program Files/Android/android-ndk-r8/platforms/android-9/arch-arm/usr/lib/crtbegin_so.o

.gnu.version    0x00000fce        0x0
 *(.gnu.version)
 .gnu.version   0x00000000        0x0 C:/Program Files/Android/android-ndk-r8/platforms/android-9/arch-arm/usr/lib/crtbegin_so.o

.gnu.version_d  0x00000fd0        0x0 load address 0x00000fce
 *(.gnu.version_d)
 .gnu.version_d
                0x00000000        0x0 C:/Program Files/Android/android-ndk-r8/platforms/android-9/arch-arm/usr/lib/crtbegin_so.o

.gnu.version_r  0x00000fd0        0x0 load address 0x00000fce
 *(.gnu.version_r)
 .gnu.version_r
                0x00000000        0x0 C:/Program Files/Android/android-ndk-r8/platforms/android-9/arch-arm/usr/lib/crtbegin_so.o

.rel.dyn        0x00000fd0       0x68
 *(.rel.init)
 *(.rel.text .rel.text.* .rel.gnu.linkonce.t.*)
 .rel.text      0x00000fd0        0x8 C:/Program Files/Android/android-ndk-r8/platforms/android-9/arch-arm/usr/lib/crtbegin_so.o
 *(.rel.fini)
 *(.rel.rodata .rel.rodata.* .rel.gnu.linkonce.r.*)
 *(.rel.data.rel.ro* .rel.gnu.linkonce.d.rel.ro.*)
 *(.rel.data .rel.data.* .rel.gnu.linkonce.d.*)
 *(.rel.tdata .rel.tdata.* .rel.gnu.linkonce.td.*)
 *(.rel.tbss .rel.tbss.* .rel.gnu.linkonce.tb.*)
 *(.rel.ctors)
 *(.rel.dtors)
 *(.rel.got)
 .rel.got       0x00000fd8       0x50 C:/Program Files/Android/android-ndk-r8/platforms/android-9/arch-arm/usr/lib/crtbegin_so.o
 *(.rel.bss .rel.bss.* .rel.gnu.linkonce.b.*)
 .rel.fini_array
                0x00001028        0x8 C:/Program Files/Android/android-ndk-r8/platforms/android-9/arch-arm/usr/lib/crtbegin_so.o
 .rel.init_array
                0x00001030        0x8 C:/Program Files/Android/android-ndk-r8/platforms/android-9/arch-arm/usr/lib/crtbegin_so.o

.rela.dyn
 *(.rela.init)
 *(.rela.text .rela.text.* .rela.gnu.linkonce.t.*)
 *(.rela.fini)
 *(.rela.rodata .rela.rodata.* .rela.gnu.linkonce.r.*)
 *(.rela.data .rela.data.* .rela.gnu.linkonce.d.*)
 *(.rela.tdata .rela.tdata.* .rela.gnu.linkonce.td.*)
 *(.rela.tbss .rela.tbss.* .rela.gnu.linkonce.tb.*)
 *(.rela.ctors)
 *(.rela.dtors)
 *(.rela.got)
 *(.rela.bss .rela.bss.* .rela.gnu.linkonce.b.*)

.rel.plt        0x00001038       0xa0
 *(.rel.plt)
 .rel.plt       0x00001038       0xa0 C:/Program Files/Android/android-ndk-r8/platforms/android-9/arch-arm/usr/lib/crtbegin_so.o

.rela.plt
 *(.rela.plt)

.init
 *(.init)

.plt            0x000010d8      0x104
 *(.plt)
 .plt           0x000010d8      0x104 C:/Program Files/Android/android-ndk-r8/platforms/android-9/arch-arm/usr/lib/crtbegin_so.o

.text           0x000011dc     0x2b64
 *(.text .stub .text.* .gnu.linkonce.t.*)
 .text          0x000011dc       0x10 C:/Program Files/Android/android-ndk-r8/platforms/android-9/arch-arm/usr/lib/crtbegin_so.o
 .text._ZN7_JNIEnv9FindClassEPKc
                0x000011ec       0x38 debug\startapp_platform.os
                0x000011ec                _JNIEnv::FindClass(char const*)
 .text._ZN7_JNIEnv17ExceptionOccurredEv
                0x00001224       0x30 debug\startapp_platform.os
                0x00001224                _JNIEnv::ExceptionOccurred()
 .text._ZN7_JNIEnv17ExceptionDescribeEv
                0x00001254       0x28 debug\startapp_platform.os
                0x00001254                _JNIEnv::ExceptionDescribe()
 .text._ZN7_JNIEnv14ExceptionClearEv
                0x0000127c       0x28 debug\startapp_platform.os
                0x0000127c                _JNIEnv::ExceptionClear()
 .text._ZN7_JNIEnv12NewGlobalRefEP8_jobject
                0x000012a4       0x38 debug\startapp_platform.os
                0x000012a4                _JNIEnv::NewGlobalRef(_jobject*)
 .text._ZN7_JNIEnv15DeleteGlobalRefEP8_jobject
                0x000012dc       0x30 debug\startapp_platform.os
                0x000012dc                _JNIEnv::DeleteGlobalRef(_jobject*)
 .text._ZN7_JNIEnv14DeleteLocalRefEP8_jobject
                0x0000130c       0x30 debug\startapp_platform.os
                0x0000130c                _JNIEnv::DeleteLocalRef(_jobject*)
 .text._ZN7_JNIEnv9NewObjectEP7_jclassP10_jmethodIDz
                0x0000133c       0x5c debug\startapp_platform.os
                0x0000133c                _JNIEnv::NewObject(_jclass*, _jmethodID*, ...)
 .text._ZN7_JNIEnv11GetMethodIDEP7_jclassPKcS3_
                0x00001398       0x48 debug\startapp_platform.os
                0x00001398                _JNIEnv::GetMethodID(_jclass*, char const*, char const*)
 .text._ZN7_JNIEnv13CallIntMethodEP8_jobjectP10_jmethodIDz
                0x000013e0       0x5c debug\startapp_platform.os
                0x000013e0                _JNIEnv::CallIntMethod(_jobject*, _jmethodID*, ...)
 .text._ZN7_JavaVM6GetEnvEPPvi
                0x0000143c       0x40 debug\startapp_platform.os
                0x0000143c                _JavaVM::GetEnv(void**, int)
 .text._ZL15s3eEdkJNIGetEnvv
                0x0000147c       0x44 debug\startapp_platform.os
 .text._ZL27s3eEdkAndroidFindClass_realPKc
                0x000014c0       0xa4 debug\startapp_platform.os
 .text._ZL22s3eEdkAndroidFindClassPKc
                0x00001564       0x38 debug\startapp_platform.os
 .text._Z21startappInit_platformv
                0x0000159c      0x254 debug\startapp_platform.os
                0x0000159c                startappInit_platform()
 .text._Z26startappTerminate_platformv
                0x000017f0        0x4 debug\startapp_platform.os
                0x000017f0                startappTerminate_platform()
 .text._Z16initSDK_platformv
                0x000017f4       0x54 debug\startapp_platform.os
                0x000017f4                initSDK_platform()
 .text._Z12startappInitv
                0x00001848       0x14 debug\startapp.os
                0x00001848                startappInit()
 .text._Z17startappTerminatev
                0x0000185c        0xc debug\startapp.os
                0x0000185c                startappTerminate()
 .text.initSDK  0x00001868       0x14 debug\startapp.os
                0x00001868                initSDK
 .text._ZL12initSDK_wrapv
                0x0000187c       0x90 debug\startapp_register.os
 .text._Z19startappRegisterExtv
                0x0000190c       0x84 debug\startapp_register.os
                0x0000190c                startappRegisterExt()
 .text.RegisterExt
                0x00001990        0xc debug\startapp_register.os
                0x00001990                RegisterExt
 .text.IwDebugTraceSetTraceChannel
                0x0000199c       0x1c C:\Marmalade\6.2\s3e\edk\lib\android\libedk.a(IwDebug.o)
                0x0000199c                IwDebugTraceSetTraceChannel
 .text._GLOBAL__I_Z__sdk_modules_iwcore_source_IwDebug.cpp
                0x000019b8       0xa4 C:\Marmalade\6.2\s3e\edk\lib\android\libedk.a(IwDebug.o)
 .text.IwDebugTraceIsChannelOn
                0x00001a5c      0x2b8 C:\Marmalade\6.2\s3e\edk\lib\android\libedk.a(IwDebug.o)
                0x00001a5c                IwDebugTraceIsChannelOn
 .text.IwDebugTraceLinePrintf
                0x00001d14      0x10c C:\Marmalade\6.2\s3e\edk\lib\android\libedk.a(IwDebug.o)
                0x00001d14                IwDebugTraceLinePrintf
 .text.s3eEdkThreadRunOnOS
                0x00001e20       0x30 C:\Marmalade\6.2\s3e\edk\lib\android\libedk.a(edk_helpers.o)
                0x00001e20                s3eEdkThreadRunOnOS
 .text          0x00001e50       0x1c c:/Program Files/Android/android-ndk-r8/toolchains/arm-linux-androideabi-4.4.3/prebuilt/windows/bin/../lib/gcc/arm-linux-androideabi/4.4.3\libgcc.a(_aeabi_ldivmod.o)
                0x00001e50                __aeabi_ldivmod
 .text          0x00001e6c       0x88 c:/Program Files/Android/android-ndk-r8/toolchains/arm-linux-androideabi-4.4.3/prebuilt/windows/bin/../lib/gcc/arm-linux-androideabi/4.4.3\libgcc.a(bpabi.o)
                0x00001e6c                __gnu_uldivmod_helper
                0x00001eb0                __gnu_ldivmod_helper
 .text          0x00001ef4      0xec4 c:/Program Files/Android/android-ndk-r8/toolchains/arm-linux-androideabi-4.4.3/prebuilt/windows/bin/../lib/gcc/arm-linux-androideabi/4.4.3\libgcc.a(unwind-arm.o)
                0x0000291c                __gnu_Unwind_RaiseException
                0x00002474                __aeabi_unwind_cpp_pr0
                0x00001fa4                _Unwind_GetCFA
                0x00001f40                _Unwind_VRS_Set
                0x000026b8                __gnu_Unwind_Backtrace
                0x00002a4c                _Unwind_VRS_Pop
                0x00002464                __aeabi_unwind_cpp_pr2
                0x00001fb0                _Unwind_DeleteException
                0x00001fac                _Unwind_Complete
                0x000029e0                __gnu_Unwind_Resume
                0x000028a8                __gnu_Unwind_ForcedUnwind
                0x000029c0                __gnu_Unwind_Resume_or_Rethrow
                0x00001ef4                _Unwind_VRS_Get
                0x0000246c                __aeabi_unwind_cpp_pr1
 .text          0x00002db8      0x1a8 c:/Program Files/Android/android-ndk-r8/toolchains/arm-linux-androideabi-4.4.3/prebuilt/windows/bin/../lib/gcc/arm-linux-androideabi/4.4.3\libgcc.a(libunwind.o)
                0x00002f18                ___Unwind_ForcedUnwind
                0x00002dd4                __gnu_Unwind_Save_VFP
                0x00002ef4                _Unwind_Resume_or_Rethrow
                0x00002ef4                ___Unwind_Resume_or_Rethrow
                0x00002f3c                _Unwind_Backtrace
                0x00002db8                __restore_core_regs
                0x00002df4                __gnu_Unwind_Save_VFP_D_16_to_31
                0x00002de4                __gnu_Unwind_Save_VFP_D
                0x00002f3c                ___Unwind_Backtrace
                0x00002eac                ___Unwind_RaiseException
                0x00002ed0                ___Unwind_Resume
                0x00002dfc                __gnu_Unwind_Restore_WMMXD
                0x00002dcc                __gnu_Unwind_Restore_VFP
                0x00002ed0                _Unwind_Resume
                0x00002ddc                __gnu_Unwind_Restore_VFP_D
                0x00002dec                __gnu_Unwind_Restore_VFP_D_16_to_31
                0x00002eac                _Unwind_RaiseException
                0x00002db8                restore_core_regs
                0x00002e98                __gnu_Unwind_Save_WMMXC
                0x00002e84                __gnu_Unwind_Restore_WMMXC
                0x00002f18                _Unwind_ForcedUnwind
                0x00002e40                __gnu_Unwind_Save_WMMXD
 .text          0x00002f60      0x484 c:/Program Files/Android/android-ndk-r8/toolchains/arm-linux-androideabi-4.4.3/prebuilt/windows/bin/../lib/gcc/arm-linux-androideabi/4.4.3\libgcc.a(pr-support.o)
                0x00003000                _Unwind_GetRegionStart
                0x0000302c                __gnu_unwind_execute
                0x00002fb8                _Unwind_GetTextRelBase
                0x00002fc8                _Unwind_GetLanguageSpecificData
                0x000033a4                __gnu_unwind_frame
                0x00002fc0                _Unwind_GetDataRelBase
 .text          0x000033e4      0x47c c:/Program Files/Android/android-ndk-r8/toolchains/arm-linux-androideabi-4.4.3/prebuilt/windows/bin/../lib/gcc/arm-linux-androideabi/4.4.3\libgcc.a(_divdi3.o)
                0x000033e4                __divdi3
 .text          0x00003860      0x40c c:/Program Files/Android/android-ndk-r8/toolchains/arm-linux-androideabi-4.4.3/prebuilt/windows/bin/../lib/gcc/arm-linux-androideabi/4.4.3\libgcc.a(_udivdi3.o)
                0x00003860                __udivdi3
 .text          0x00003c6c       0xc4 c:/Program Files/Android/android-ndk-r8/toolchains/arm-linux-androideabi-4.4.3/prebuilt/windows/bin/../lib/gcc/arm-linux-androideabi/4.4.3\libgcc.a(_udivsi3.o)
                0x00003c6c                __udivsi3
                0x00003c6c                __aeabi_uidiv
                0x00003d18                __aeabi_uidivmod
 .text          0x00003d30       0x10 c:/Program Files/Android/android-ndk-r8/toolchains/arm-linux-androideabi-4.4.3/prebuilt/windows/bin/../lib/gcc/arm-linux-androideabi/4.4.3\libgcc.a(_dvmd_lnx.o)
                0x00003d30                __div0
 *(.gnu.warning)
 *(.glue_7t)
 .glue_7t       0x00000000        0x0 linker stubs
 *(.glue_7)
 .glue_7        0x00000000        0x0 linker stubs
 *(.vfp11_veneer)
 .vfp11_veneer  0x00000000        0x0 linker stubs
 *(.v4_bx)
 .v4_bx         0x00000000        0x0 linker stubs

.fini
 *(.fini)
                0x00003d40                PROVIDE (__etext, .)
                0x00003d40                PROVIDE (_etext, .)
                0x00003d40                PROVIDE (etext, .)

.rodata         0x00003d40      0x1e0
 *(.rodata .rodata.* .gnu.linkonce.r.*)
 .rodata        0x00003d40       0x74 debug\startapp_platform.os
 .rodata        0x00003db4       0x50 debug\startapp_register.os
 .rodata.str1.4
                0x00003e04      0x11c C:\Marmalade\6.2\s3e\edk\lib\android\libedk.a(IwDebug.o)
                                0x120 (size before relaxing)

.rodata1
 *(.rodata1)

.ARM.extab      0x00003f20       0x24
 *(.ARM.extab* .gnu.linkonce.armextab.*)
 .ARM.extab     0x00003f20       0x24 c:/Program Files/Android/android-ndk-r8/toolchains/arm-linux-androideabi-4.4.3/prebuilt/windows/bin/../lib/gcc/arm-linux-androideabi/4.4.3\libgcc.a(unwind-arm.o)
                0x00003f44                __exidx_start = .

.ARM.exidx      0x00003f44       0xf8
 *(.ARM.exidx* .gnu.linkonce.armexidx.*)
 .ARM.exidx     0x00003f44       0x10 c:/Program Files/Android/android-ndk-r8/toolchains/arm-linux-androideabi-4.4.3/prebuilt/windows/bin/../lib/gcc/arm-linux-androideabi/4.4.3\libgcc.a(bpabi.o)
 .ARM.exidx     0x00003f54       0xa0 c:/Program Files/Android/android-ndk-r8/toolchains/arm-linux-androideabi-4.4.3/prebuilt/windows/bin/../lib/gcc/arm-linux-androideabi/4.4.3\libgcc.a(unwind-arm.o)
 .ARM.exidx     0x00003ff4       0x38 c:/Program Files/Android/android-ndk-r8/toolchains/arm-linux-androideabi-4.4.3/prebuilt/windows/bin/../lib/gcc/arm-linux-androideabi/4.4.3\libgcc.a(pr-support.o)
 .ARM.exidx     0x0000402c        0x8 c:/Program Files/Android/android-ndk-r8/toolchains/arm-linux-androideabi-4.4.3/prebuilt/windows/bin/../lib/gcc/arm-linux-androideabi/4.4.3\libgcc.a(_divdi3.o)
 .ARM.exidx     0x00004034        0x8 c:/Program Files/Android/android-ndk-r8/toolchains/arm-linux-androideabi-4.4.3/prebuilt/windows/bin/../lib/gcc/arm-linux-androideabi/4.4.3\libgcc.a(_udivdi3.o)
                0x0000403c                __exidx_end = .

.eh_frame_hdr
 *(.eh_frame_hdr)

.eh_frame
 *(.eh_frame)

.gcc_except_table
 *(.gcc_except_table .gcc_except_table.*)
                0x0000403c                . = (ALIGN (0x1000) - ((0x1000 - .) & 0xfff))
                0x0000503c                . = (0x1000 DATA_SEGMENT_ALIGN 0x1000)

.eh_frame
 *(.eh_frame)

.gcc_except_table
 *(.gcc_except_table .gcc_except_table.*)

.tdata
 *(.tdata .tdata.* .gnu.linkonce.td.*)

.tbss
 *(.tbss .tbss.* .gnu.linkonce.tb.*)
 *(.tcommon)

.preinit_array
 *(.preinit_array)

.init_array     0x0000503c        0xc
 *(SORT(.init_array.*))
 *(.init_array)
 .init_array    0x0000503c        0x4 C:/Program Files/Android/android-ndk-r8/platforms/android-9/arch-arm/usr/lib/crtbegin_so.o
                0x0000503c                __INIT_ARRAY__
 .init_array    0x00005040        0x4 C:\Marmalade\6.2\s3e\edk\lib\android\libedk.a(IwDebug.o)
 .init_array    0x00005044        0x4 C:/Program Files/Android/android-ndk-r8/platforms/android-9/arch-arm/usr/lib/crtend_so.o

.fini_array     0x00005048        0xc
 *(.fini_array)
 .fini_array    0x00005048        0x8 C:/Program Files/Android/android-ndk-r8/platforms/android-9/arch-arm/usr/lib/crtbegin_so.o
                0x00005048                __FINI_ARRAY__
 .fini_array    0x00005050        0x4 C:/Program Files/Android/android-ndk-r8/platforms/android-9/arch-arm/usr/lib/crtend_so.o
 *(SORT(.fini_array.*))

.ctors
 *crtbegin.o(.ctors)
 *crtbegin?.o(.ctors)
 *(EXCLUDE_FILE(*crtend?.o *crtend.o) .ctors)
 *(SORT(.ctors.*))
 *(.ctors)

.dtors
 *crtbegin.o(.dtors)
 *crtbegin?.o(.dtors)
 *(EXCLUDE_FILE(*crtend?.o *crtend.o) .dtors)
 *(SORT(.dtors.*))
 *(.dtors)

.jcr
 *(.jcr)

.data.rel.ro
 *(.data.rel.ro.local* .gnu.linkonce.d.rel.ro.local.*)
 *(.data.rel.ro* .gnu.linkonce.d.rel.ro.*)

.dynamic        0x00005054       0xd0
 *(.dynamic)
 .dynamic       0x00005054       0xd0 C:/Program Files/Android/android-ndk-r8/platforms/android-9/arch-arm/usr/lib/crtbegin_so.o
                0x00005054                _DYNAMIC
                0x00005124                . = (. DATA_SEGMENT_RELRO_END 0x0)

.got            0x00005124       0x84
 *(.got.plt)
 .got.plt       0x00005124       0x5c C:/Program Files/Android/android-ndk-r8/platforms/android-9/arch-arm/usr/lib/crtbegin_so.o
                0x00005124                _GLOBAL_OFFSET_TABLE_
 *(.got)
 .got           0x00005180       0x28 C:/Program Files/Android/android-ndk-r8/platforms/android-9/arch-arm/usr/lib/crtbegin_so.o

.data           0x000051a8        0x0
                0x000051a8                __data_start = .
 *(.data .data.* .gnu.linkonce.d.*)

.data1
 *(.data1)
                0x000051a8                _edata = .
                0x000051a8                PROVIDE (edata, .)
                0x000051a8                __bss_start = .
                0x000051a8                __bss_start__ = .

.bss            0x000051b0     0x1a40
 *(.dynbss)
 .dynbss        0x00000000        0x0 C:/Program Files/Android/android-ndk-r8/platforms/android-9/arch-arm/usr/lib/crtbegin_so.o
 *(.bss .bss.* .gnu.linkonce.b.*)
 .bss           0x000051b0       0x10 C:/Program Files/Android/android-ndk-r8/platforms/android-9/arch-arm/usr/lib/crtbegin_so.o
                0x000051b0                __dso_handle
 .bss           0x000051c0        0x8 debug\startapp_platform.os
 .bss           0x000051c8     0x1a28 C:\Marmalade\6.2\s3e\edk\lib\android\libedk.a(IwDebug.o)
                0x000051c8                g_DebugGlobals
 *(COMMON)
                0x00006bf0                . = ALIGN ((. != 0x0)?0x4:0x1)
                0x00006bf0                _bss_end__ = .
                0x00006bf0                __bss_end__ = .
                0x00006bf0                . = ALIGN (0x4)
                0x00006bf0                . = ALIGN (0x4)
                0x00006bf0                __end__ = .
                0x00006bf0                _end = .
                0x00006bf0                PROVIDE (end, .)
                0x00006bf0                . = DATA_SEGMENT_END (.)

.stab
 *(.stab)

.stabstr
 *(.stabstr)

.stab.excl
 *(.stab.excl)

.stab.exclstr
 *(.stab.exclstr)

.stab.index
 *(.stab.index)

.stab.indexstr
 *(.stab.indexstr)

.comment        0x00000000       0xb4
 *(.comment)
 .comment       0x00000000       0x12 debug\startapp_platform.os
 .comment       0x00000012       0x12 debug\startapp.os
 .comment       0x00000024       0x12 debug\startapp_register.os
 .comment       0x00000036       0x12 C:\Marmalade\6.2\s3e\edk\lib\android\libedk.a(IwDebug.o)
 .comment       0x00000048       0x12 C:\Marmalade\6.2\s3e\edk\lib\android\libedk.a(edk_helpers.o)
 .comment       0x0000005a       0x12 c:/Program Files/Android/android-ndk-r8/toolchains/arm-linux-androideabi-4.4.3/prebuilt/windows/bin/../lib/gcc/arm-linux-androideabi/4.4.3\libgcc.a(bpabi.o)
 .comment       0x0000006c       0x12 c:/Program Files/Android/android-ndk-r8/toolchains/arm-linux-androideabi-4.4.3/prebuilt/windows/bin/../lib/gcc/arm-linux-androideabi/4.4.3\libgcc.a(unwind-arm.o)
 .comment       0x0000007e       0x12 c:/Program Files/Android/android-ndk-r8/toolchains/arm-linux-androideabi-4.4.3/prebuilt/windows/bin/../lib/gcc/arm-linux-androideabi/4.4.3\libgcc.a(pr-support.o)
 .comment       0x00000090       0x12 c:/Program Files/Android/android-ndk-r8/toolchains/arm-linux-androideabi-4.4.3/prebuilt/windows/bin/../lib/gcc/arm-linux-androideabi/4.4.3\libgcc.a(_divdi3.o)
 .comment       0x000000a2       0x12 c:/Program Files/Android/android-ndk-r8/toolchains/arm-linux-androideabi-4.4.3/prebuilt/windows/bin/../lib/gcc/arm-linux-androideabi/4.4.3\libgcc.a(_udivdi3.o)

.debug
 *(.debug)

.line
 *(.line)

.debug_srcinfo
 *(.debug_srcinfo)

.debug_sfnames
 *(.debug_sfnames)

.debug_aranges  0x00000000      0x220
 *(.debug_aranges)
 .debug_aranges
                0x00000000       0xa0 debug\startapp_platform.os
 .debug_aranges
                0x000000a0       0x30 debug\startapp.os
 .debug_aranges
                0x000000d0       0x30 debug\startapp_register.os
 .debug_aranges
                0x00000100       0x20 c:/Program Files/Android/android-ndk-r8/toolchains/arm-linux-androideabi-4.4.3/prebuilt/windows/bin/../lib/gcc/arm-linux-androideabi/4.4.3\libgcc.a(_aeabi_ldivmod.o)
 .debug_aranges
                0x00000120       0x20 c:/Program Files/Android/android-ndk-r8/toolchains/arm-linux-androideabi-4.4.3/prebuilt/windows/bin/../lib/gcc/arm-linux-androideabi/4.4.3\libgcc.a(bpabi.o)
 .debug_aranges
                0x00000140       0x20 c:/Program Files/Android/android-ndk-r8/toolchains/arm-linux-androideabi-4.4.3/prebuilt/windows/bin/../lib/gcc/arm-linux-androideabi/4.4.3\libgcc.a(unwind-arm.o)
 .debug_aranges
                0x00000160       0x20 c:/Program Files/Android/android-ndk-r8/toolchains/arm-linux-androideabi-4.4.3/prebuilt/windows/bin/../lib/gcc/arm-linux-androideabi/4.4.3\libgcc.a(libunwind.o)
 .debug_aranges
                0x00000180       0x20 c:/Program Files/Android/android-ndk-r8/toolchains/arm-linux-androideabi-4.4.3/prebuilt/windows/bin/../lib/gcc/arm-linux-androideabi/4.4.3\libgcc.a(pr-support.o)
 .debug_aranges
                0x000001a0       0x20 c:/Program Files/Android/android-ndk-r8/toolchains/arm-linux-androideabi-4.4.3/prebuilt/windows/bin/../lib/gcc/arm-linux-androideabi/4.4.3\libgcc.a(_divdi3.o)
 .debug_aranges
                0x000001c0       0x20 c:/Program Files/Android/android-ndk-r8/toolchains/arm-linux-androideabi-4.4.3/prebuilt/windows/bin/../lib/gcc/arm-linux-androideabi/4.4.3\libgcc.a(_udivdi3.o)
 .debug_aranges
                0x000001e0       0x20 c:/Program Files/Android/android-ndk-r8/toolchains/arm-linux-androideabi-4.4.3/prebuilt/windows/bin/../lib/gcc/arm-linux-androideabi/4.4.3\libgcc.a(_udivsi3.o)
 .debug_aranges
                0x00000200       0x20 c:/Program Files/Android/android-ndk-r8/toolchains/arm-linux-androideabi-4.4.3/prebuilt/windows/bin/../lib/gcc/arm-linux-androideabi/4.4.3\libgcc.a(_dvmd_lnx.o)

.debug_pubnames
                0x00000000      0x4b4
 *(.debug_pubnames)
 .debug_pubnames
                0x00000000      0x183 debug\startapp_platform.os
 .debug_pubnames
                0x00000183       0x45 debug\startapp.os
 .debug_pubnames
                0x000001c8       0x3a debug\startapp_register.os
 .debug_pubnames
                0x00000202       0x45 c:/Program Files/Android/android-ndk-r8/toolchains/arm-linux-androideabi-4.4.3/prebuilt/windows/bin/../lib/gcc/arm-linux-androideabi/4.4.3\libgcc.a(bpabi.o)
 .debug_pubnames
                0x00000247      0x177 c:/Program Files/Android/android-ndk-r8/toolchains/arm-linux-androideabi-4.4.3/prebuilt/windows/bin/../lib/gcc/arm-linux-androideabi/4.4.3\libgcc.a(unwind-arm.o)
 .debug_pubnames
                0x000003be       0xb7 c:/Program Files/Android/android-ndk-r8/toolchains/arm-linux-androideabi-4.4.3/prebuilt/windows/bin/../lib/gcc/arm-linux-androideabi/4.4.3\libgcc.a(pr-support.o)
 .debug_pubnames
                0x00000475       0x1f c:/Program Files/Android/android-ndk-r8/toolchains/arm-linux-androideabi-4.4.3/prebuilt/windows/bin/../lib/gcc/arm-linux-androideabi/4.4.3\libgcc.a(_divdi3.o)
 .debug_pubnames
                0x00000494       0x20 c:/Program Files/Android/android-ndk-r8/toolchains/arm-linux-androideabi-4.4.3/prebuilt/windows/bin/../lib/gcc/arm-linux-androideabi/4.4.3\libgcc.a(_udivdi3.o)

.debug_info     0x00000000     0x8706
 *(.debug_info .gnu.linkonce.wi.*)
 .debug_info    0x00000000     0x59b5 debug\startapp_platform.os
 .debug_info    0x000059b5       0xd9 debug\startapp.os
 .debug_info    0x00005a8e      0x133 debug\startapp_register.os
 .debug_info    0x00005bc1      0x10b c:/Program Files/Android/android-ndk-r8/toolchains/arm-linux-androideabi-4.4.3/prebuilt/windows/bin/../lib/gcc/arm-linux-androideabi/4.4.3\libgcc.a(_aeabi_ldivmod.o)
 .debug_info    0x00005ccc       0xde c:/Program Files/Android/android-ndk-r8/toolchains/arm-linux-androideabi-4.4.3/prebuilt/windows/bin/../lib/gcc/arm-linux-androideabi/4.4.3\libgcc.a(bpabi.o)
 .debug_info    0x00005daa     0x1424 c:/Program Files/Android/android-ndk-r8/toolchains/arm-linux-androideabi-4.4.3/prebuilt/windows/bin/../lib/gcc/arm-linux-androideabi/4.4.3\libgcc.a(unwind-arm.o)
 .debug_info    0x000071ce      0x10f c:/Program Files/Android/android-ndk-r8/toolchains/arm-linux-androideabi-4.4.3/prebuilt/windows/bin/../lib/gcc/arm-linux-androideabi/4.4.3\libgcc.a(libunwind.o)
 .debug_info    0x000072dd      0x636 c:/Program Files/Android/android-ndk-r8/toolchains/arm-linux-androideabi-4.4.3/prebuilt/windows/bin/../lib/gcc/arm-linux-androideabi/4.4.3\libgcc.a(pr-support.o)
 .debug_info    0x00007913      0x606 c:/Program Files/Android/android-ndk-r8/toolchains/arm-linux-androideabi-4.4.3/prebuilt/windows/bin/../lib/gcc/arm-linux-androideabi/4.4.3\libgcc.a(_divdi3.o)
 .debug_info    0x00007f19      0x5cb c:/Program Files/Android/android-ndk-r8/toolchains/arm-linux-androideabi-4.4.3/prebuilt/windows/bin/../lib/gcc/arm-linux-androideabi/4.4.3\libgcc.a(_udivdi3.o)
 .debug_info    0x000084e4      0x111 c:/Program Files/Android/android-ndk-r8/toolchains/arm-linux-androideabi-4.4.3/prebuilt/windows/bin/../lib/gcc/arm-linux-androideabi/4.4.3\libgcc.a(_udivsi3.o)
 .debug_info    0x000085f5      0x111 c:/Program Files/Android/android-ndk-r8/toolchains/arm-linux-androideabi-4.4.3/prebuilt/windows/bin/../lib/gcc/arm-linux-androideabi/4.4.3\libgcc.a(_dvmd_lnx.o)

.debug_abbrev   0x00000000      0xd4c
 *(.debug_abbrev)
 .debug_abbrev  0x00000000      0x25b debug\startapp_platform.os
 .debug_abbrev  0x0000025b       0x94 debug\startapp.os
 .debug_abbrev  0x000002ef       0xd0 debug\startapp_register.os
 .debug_abbrev  0x000003bf       0x14 c:/Program Files/Android/android-ndk-r8/toolchains/arm-linux-androideabi-4.4.3/prebuilt/windows/bin/../lib/gcc/arm-linux-androideabi/4.4.3\libgcc.a(_aeabi_ldivmod.o)
 .debug_abbrev  0x000003d3       0x6a c:/Program Files/Android/android-ndk-r8/toolchains/arm-linux-androideabi-4.4.3/prebuilt/windows/bin/../lib/gcc/arm-linux-androideabi/4.4.3\libgcc.a(bpabi.o)
 .debug_abbrev  0x0000043d      0x3bb c:/Program Files/Android/android-ndk-r8/toolchains/arm-linux-androideabi-4.4.3/prebuilt/windows/bin/../lib/gcc/arm-linux-androideabi/4.4.3\libgcc.a(unwind-arm.o)
 .debug_abbrev  0x000007f8       0x14 c:/Program Files/Android/android-ndk-r8/toolchains/arm-linux-androideabi-4.4.3/prebuilt/windows/bin/../lib/gcc/arm-linux-androideabi/4.4.3\libgcc.a(libunwind.o)
 .debug_abbrev  0x0000080c      0x220 c:/Program Files/Android/android-ndk-r8/toolchains/arm-linux-androideabi-4.4.3/prebuilt/windows/bin/../lib/gcc/arm-linux-androideabi/4.4.3\libgcc.a(pr-support.o)
 .debug_abbrev  0x00000a2c      0x18b c:/Program Files/Android/android-ndk-r8/toolchains/arm-linux-androideabi-4.4.3/prebuilt/windows/bin/../lib/gcc/arm-linux-androideabi/4.4.3\libgcc.a(_divdi3.o)
 .debug_abbrev  0x00000bb7      0x16d c:/Program Files/Android/android-ndk-r8/toolchains/arm-linux-androideabi-4.4.3/prebuilt/windows/bin/../lib/gcc/arm-linux-androideabi/4.4.3\libgcc.a(_udivdi3.o)
 .debug_abbrev  0x00000d24       0x14 c:/Program Files/Android/android-ndk-r8/toolchains/arm-linux-androideabi-4.4.3/prebuilt/windows/bin/../lib/gcc/arm-linux-androideabi/4.4.3\libgcc.a(_udivsi3.o)
 .debug_abbrev  0x00000d38       0x14 c:/Program Files/Android/android-ndk-r8/toolchains/arm-linux-androideabi-4.4.3/prebuilt/windows/bin/../lib/gcc/arm-linux-androideabi/4.4.3\libgcc.a(_dvmd_lnx.o)

.debug_line     0x00000000     0x1246
 *(.debug_line)
 .debug_line    0x00000000      0x2bb debug\startapp_platform.os
 .debug_line    0x000002bb       0xb1 debug\startapp.os
 .debug_line    0x0000036c       0xc8 debug\startapp_register.os
 .debug_line    0x00000434       0xb9 c:/Program Files/Android/android-ndk-r8/toolchains/arm-linux-androideabi-4.4.3/prebuilt/windows/bin/../lib/gcc/arm-linux-androideabi/4.4.3\libgcc.a(_aeabi_ldivmod.o)
 .debug_line    0x000004ed       0xbf c:/Program Files/Android/android-ndk-r8/toolchains/arm-linux-androideabi-4.4.3/prebuilt/windows/bin/../lib/gcc/arm-linux-androideabi/4.4.3\libgcc.a(bpabi.o)
 .debug_line    0x000005ac      0x4e8 c:/Program Files/Android/android-ndk-r8/toolchains/arm-linux-androideabi-4.4.3/prebuilt/windows/bin/../lib/gcc/arm-linux-androideabi/4.4.3\libgcc.a(unwind-arm.o)
 .debug_line    0x00000a94      0x105 c:/Program Files/Android/android-ndk-r8/toolchains/arm-linux-androideabi-4.4.3/prebuilt/windows/bin/../lib/gcc/arm-linux-androideabi/4.4.3\libgcc.a(libunwind.o)
 .debug_line    0x00000b99      0x1e8 c:/Program Files/Android/android-ndk-r8/toolchains/arm-linux-androideabi-4.4.3/prebuilt/windows/bin/../lib/gcc/arm-linux-androideabi/4.4.3\libgcc.a(pr-support.o)
 .debug_line    0x00000d81      0x19b c:/Program Files/Android/android-ndk-r8/toolchains/arm-linux-androideabi-4.4.3/prebuilt/windows/bin/../lib/gcc/arm-linux-androideabi/4.4.3\libgcc.a(_divdi3.o)
 .debug_line    0x00000f1c      0x18b c:/Program Files/Android/android-ndk-r8/toolchains/arm-linux-androideabi-4.4.3/prebuilt/windows/bin/../lib/gcc/arm-linux-androideabi/4.4.3\libgcc.a(_udivdi3.o)
 .debug_line    0x000010a7       0xe0 c:/Program Files/Android/android-ndk-r8/toolchains/arm-linux-androideabi-4.4.3/prebuilt/windows/bin/../lib/gcc/arm-linux-androideabi/4.4.3\libgcc.a(_udivsi3.o)
 .debug_line    0x00001187       0xbf c:/Program Files/Android/android-ndk-r8/toolchains/arm-linux-androideabi-4.4.3/prebuilt/windows/bin/../lib/gcc/arm-linux-androideabi/4.4.3\libgcc.a(_dvmd_lnx.o)

.debug_frame    0x00000000      0x71c
 *(.debug_frame)
 .debug_frame   0x00000000      0x1f0 debug\startapp_platform.os
 .debug_frame   0x000001f0       0x64 debug\startapp.os
 .debug_frame   0x00000254       0x64 debug\startapp_register.os
 .debug_frame   0x000002b8       0x60 c:/Program Files/Android/android-ndk-r8/toolchains/arm-linux-androideabi-4.4.3/prebuilt/windows/bin/../lib/gcc/arm-linux-androideabi/4.4.3\libgcc.a(bpabi.o)
 .debug_frame   0x00000318      0x248 c:/Program Files/Android/android-ndk-r8/toolchains/arm-linux-androideabi-4.4.3/prebuilt/windows/bin/../lib/gcc/arm-linux-androideabi/4.4.3\libgcc.a(unwind-arm.o)
 .debug_frame   0x00000560      0x108 c:/Program Files/Android/android-ndk-r8/toolchains/arm-linux-androideabi-4.4.3/prebuilt/windows/bin/../lib/gcc/arm-linux-androideabi/4.4.3\libgcc.a(pr-support.o)
 .debug_frame   0x00000668       0x44 c:/Program Files/Android/android-ndk-r8/toolchains/arm-linux-androideabi-4.4.3/prebuilt/windows/bin/../lib/gcc/arm-linux-androideabi/4.4.3\libgcc.a(_divdi3.o)
 .debug_frame   0x000006ac       0x48 c:/Program Files/Android/android-ndk-r8/toolchains/arm-linux-androideabi-4.4.3/prebuilt/windows/bin/../lib/gcc/arm-linux-androideabi/4.4.3\libgcc.a(_udivdi3.o)
 .debug_frame   0x000006f4       0x28 c:/Program Files/Android/android-ndk-r8/toolchains/arm-linux-androideabi-4.4.3/prebuilt/windows/bin/../lib/gcc/arm-linux-androideabi/4.4.3\libgcc.a(_udivsi3.o)

.debug_str      0x00000000     0x5452
 *(.debug_str)
 .debug_str     0x00000000     0x476c debug\startapp_platform.os
                               0x48e6 (size before relaxing)
 .debug_str     0x0000476c       0x89 debug\startapp.os
                                0x199 (size before relaxing)
 .debug_str     0x000047f5       0x8d debug\startapp_register.os
                                0x1b5 (size before relaxing)
 .debug_str     0x00004882       0xcd c:/Program Files/Android/android-ndk-r8/toolchains/arm-linux-androideabi-4.4.3/prebuilt/windows/bin/../lib/gcc/arm-linux-androideabi/4.4.3\libgcc.a(bpabi.o)
                                 0xf2 (size before relaxing)
 .debug_str     0x0000494f      0x82d c:/Program Files/Android/android-ndk-r8/toolchains/arm-linux-androideabi-4.4.3/prebuilt/windows/bin/../lib/gcc/arm-linux-androideabi/4.4.3\libgcc.a(unwind-arm.o)
                                0x908 (size before relaxing)
 .debug_str     0x0000517c      0x151 c:/Program Files/Android/android-ndk-r8/toolchains/arm-linux-androideabi-4.4.3/prebuilt/windows/bin/../lib/gcc/arm-linux-androideabi/4.4.3\libgcc.a(pr-support.o)
                                0x46e (size before relaxing)
 .debug_str     0x000052cd      0x17b c:/Program Files/Android/android-ndk-r8/toolchains/arm-linux-androideabi-4.4.3/prebuilt/windows/bin/../lib/gcc/arm-linux-androideabi/4.4.3\libgcc.a(_divdi3.o)
                                0x22b (size before relaxing)
 .debug_str     0x00005448        0xa c:/Program Files/Android/android-ndk-r8/toolchains/arm-linux-androideabi-4.4.3/prebuilt/windows/bin/../lib/gcc/arm-linux-androideabi/4.4.3\libgcc.a(_udivdi3.o)
                                0x22c (size before relaxing)

.debug_loc      0x00000000     0x24b1
 *(.debug_loc)
 .debug_loc     0x00000000      0x2d8 debug\startapp_platform.os
 .debug_loc     0x000002d8       0x60 debug\startapp.os
 .debug_loc     0x00000338       0x6c debug\startapp_register.os
 .debug_loc     0x000003a4      0x120 c:/Program Files/Android/android-ndk-r8/toolchains/arm-linux-androideabi-4.4.3/prebuilt/windows/bin/../lib/gcc/arm-linux-androideabi/4.4.3\libgcc.a(bpabi.o)
 .debug_loc     0x000004c4      0xfef c:/Program Files/Android/android-ndk-r8/toolchains/arm-linux-androideabi-4.4.3/prebuilt/windows/bin/../lib/gcc/arm-linux-androideabi/4.4.3\libgcc.a(unwind-arm.o)
 .debug_loc     0x000014b3      0x2f9 c:/Program Files/Android/android-ndk-r8/toolchains/arm-linux-androideabi-4.4.3/prebuilt/windows/bin/../lib/gcc/arm-linux-androideabi/4.4.3\libgcc.a(pr-support.o)
 .debug_loc     0x000017ac      0x6cf c:/Program Files/Android/android-ndk-r8/toolchains/arm-linux-androideabi-4.4.3/prebuilt/windows/bin/../lib/gcc/arm-linux-androideabi/4.4.3\libgcc.a(_divdi3.o)
 .debug_loc     0x00001e7b      0x636 c:/Program Files/Android/android-ndk-r8/toolchains/arm-linux-androideabi-4.4.3/prebuilt/windows/bin/../lib/gcc/arm-linux-androideabi/4.4.3\libgcc.a(_udivdi3.o)

.debug_macinfo
 *(.debug_macinfo)

.debug_weaknames
 *(.debug_weaknames)

.debug_funcnames
 *(.debug_funcnames)

.debug_typenames
 *(.debug_typenames)

.debug_varnames
 *(.debug_varnames)

.debug_pubtypes
 *(.debug_pubtypes)

.debug_ranges   0x00000000      0x420
 *(.debug_ranges)
 .debug_ranges  0x00000000       0x90 debug\startapp_platform.os
 .debug_ranges  0x00000090       0x20 debug\startapp.os
 .debug_ranges  0x000000b0       0x20 debug\startapp_register.os
 .debug_ranges  0x000000d0      0x1f8 c:/Program Files/Android/android-ndk-r8/toolchains/arm-linux-androideabi-4.4.3/prebuilt/windows/bin/../lib/gcc/arm-linux-androideabi/4.4.3\libgcc.a(unwind-arm.o)
 .debug_ranges  0x000002c8       0x30 c:/Program Files/Android/android-ndk-r8/toolchains/arm-linux-androideabi-4.4.3/prebuilt/windows/bin/../lib/gcc/arm-linux-androideabi/4.4.3\libgcc.a(pr-support.o)
 .debug_ranges  0x000002f8       0xa0 c:/Program Files/Android/android-ndk-r8/toolchains/arm-linux-androideabi-4.4.3/prebuilt/windows/bin/../lib/gcc/arm-linux-androideabi/4.4.3\libgcc.a(_divdi3.o)
 .debug_ranges  0x00000398       0x88 c:/Program Files/Android/android-ndk-r8/toolchains/arm-linux-androideabi-4.4.3/prebuilt/windows/bin/../lib/gcc/arm-linux-androideabi/4.4.3\libgcc.a(_udivdi3.o)

.gnu.attributes
 *(.gnu.attributes)

.note.gnu.arm.ident
 *(.note.gnu.arm.ident)

/DISCARD/
 *(.note.GNU-stack)
 *(.gnu_debuglink)
OUTPUT(C:\Marmalade\6.2\extensions\startapp\lib\android\libstartapp_d.so elf32-littlearm)

.ARM.attributes
                0x00000000       0x29
 .ARM.attributes
                0x00000000       0x19 C:/Program Files/Android/android-ndk-r8/platforms/android-9/arch-arm/usr/lib/crtbegin_so.o
 .ARM.attributes
                0x00000019       0x2b debug\startapp_platform.os
 .ARM.attributes
                0x00000044       0x2b debug\startapp.os
 .ARM.attributes
                0x0000006f       0x2b debug\startapp_register.os
 .ARM.attributes
                0x0000009a       0x2b C:\Marmalade\6.2\s3e\edk\lib\android\libedk.a(IwDebug.o)
 .ARM.attributes
                0x000000c5       0x2b C:\Marmalade\6.2\s3e\edk\lib\android\libedk.a(edk_helpers.o)
 .ARM.attributes
                0x000000f0       0x19 c:/Program Files/Android/android-ndk-r8/toolchains/arm-linux-androideabi-4.4.3/prebuilt/windows/bin/../lib/gcc/arm-linux-androideabi/4.4.3\libgcc.a(_aeabi_ldivmod.o)
 .ARM.attributes
                0x00000109       0x29 c:/Program Files/Android/android-ndk-r8/toolchains/arm-linux-androideabi-4.4.3/prebuilt/windows/bin/../lib/gcc/arm-linux-androideabi/4.4.3\libgcc.a(bpabi.o)
 .ARM.attributes
                0x00000132       0x29 c:/Program Files/Android/android-ndk-r8/toolchains/arm-linux-androideabi-4.4.3/prebuilt/windows/bin/../lib/gcc/arm-linux-androideabi/4.4.3\libgcc.a(unwind-arm.o)
 .ARM.attributes
                0x0000015b       0x19 c:/Program Files/Android/android-ndk-r8/toolchains/arm-linux-androideabi-4.4.3/prebuilt/windows/bin/../lib/gcc/arm-linux-androideabi/4.4.3\libgcc.a(libunwind.o)
 .ARM.attributes
                0x00000174       0x29 c:/Program Files/Android/android-ndk-r8/toolchains/arm-linux-androideabi-4.4.3/prebuilt/windows/bin/../lib/gcc/arm-linux-androideabi/4.4.3\libgcc.a(pr-support.o)
 .ARM.attributes
                0x0000019d       0x29 c:/Program Files/Android/android-ndk-r8/toolchains/arm-linux-androideabi-4.4.3/prebuilt/windows/bin/../lib/gcc/arm-linux-androideabi/4.4.3\libgcc.a(_divdi3.o)
 .ARM.attributes
                0x000001c6       0x29 c:/Program Files/Android/android-ndk-r8/toolchains/arm-linux-androideabi-4.4.3/prebuilt/windows/bin/../lib/gcc/arm-linux-androideabi/4.4.3\libgcc.a(_udivdi3.o)
 .ARM.attributes
                0x000001ef       0x19 c:/Program Files/Android/android-ndk-r8/toolchains/arm-linux-androideabi-4.4.3/prebuilt/windows/bin/../lib/gcc/arm-linux-androideabi/4.4.3\libgcc.a(_udivsi3.o)
 .ARM.attributes
                0x00000208       0x19 c:/Program Files/Android/android-ndk-r8/toolchains/arm-linux-androideabi-4.4.3/prebuilt/windows/bin/../lib/gcc/arm-linux-androideabi/4.4.3\libgcc.a(_dvmd_lnx.o)
 .ARM.attributes
                0x00000221       0x17 C:/Program Files/Android/android-ndk-r8/platforms/android-9/arch-arm/usr/lib/crtend_so.o
